<html>
<body>
<pre>
<h1>µVision Build Log</h1>
<h2>Tool Versions:</h2>
IDE-Version: µVision V5.26.2.0
Copyright (C) 2018 ARM Ltd and ARM Germany GmbH. All rights reserved.
License Information: Javier Perez, UNIZAR, LIC=----
 
Tool Versions:
Toolchain:       MDK-Lite  Version: 5.26.2.0
Toolchain Path:  C:\Keil_v5\ARM\ARMCC\Bin
C Compiler:      Armcc.exe V5.06 update 6 (build 750)
Assembler:       Armasm.exe V5.06 update 6 (build 750)
Linker/Locator:  ArmLink.exe V5.06 update 6 (build 750)
Library Manager: ArmAr.exe V5.06 update 6 (build 750)
Hex Converter:   FromElf.exe V5.06 update 6 (build 750)
CPU DLL:         SARM.DLL V5.26.2.0
Dialog DLL:      DARMP.DLL V1.53.0.0
Target DLL:      UL2ARM.DLL V1.74.10.0
Dialog DLL:      TARMP.DLL V1.53.0.0
 
<h2>Project:</h2>
\\Mac\Home\Documents\uni\PH\Parte 1\p1_815877-Pérez_Salazar_841983-Larraz_Jordan\conectaK_2023.uvproj
Project File Date:  10/09/2023

<h2>Output:</h2>
*** Using Compiler 'V5.06 update 6 (build 750)', folder: 'C:\Keil_v5\ARM\ARMCC\Bin'
Rebuild target 'Target 1'
assembling conecta_K_buscar_alineamiento_arm.s...
assembling conecta_K_hay_linea_arm_arm.s...
assembling Startup.s...
assembling conecta_K_hay_linea_arm_c.s...
assembling conecta_K_hay_linea_arm_armv2.s...
compiling main.c...
compiling entrada.c...
compiling conecta_K_2023.c...
compiling tablero.c...
linking...
Program Size: Code=3680 RO-data=84 RW-data=32 ZI-data=1336  
".\Objects\conecta_K_2023.axf" - 0 Error(s), 0 Warning(s).
Build Time Elapsed:  00:00:01
</pre>
</body>
</html>
