<html>
<body>
<pre>
<h1>µVision Build Log</h1>
<h2>Tool Versions:</h2>
IDE-Version: µVision V5.26.2.0
Copyright (C) 2018 ARM Ltd and ARM Germany GmbH. All rights reserved.
License Information: javier perez, unizar, LIC=----
 
Tool Versions:
Toolchain:       MDK-Lite  Version: 5.26.2.0
Toolchain Path:  C:\Keil_v5\ARM\ARMCC\Bin
C Compiler:      Armcc.exe V5.06 update 6 (build 750)
Assembler:       Armasm.exe V5.06 update 6 (build 750)
Linker/Locator:  ArmLink.exe V5.06 update 6 (build 750)
Library Manager: ArmAr.exe V5.06 update 6 (build 750)
Hex Converter:   FromElf.exe V5.06 update 6 (build 750)
CPU DLL:         SARM.DLL V5.26.2.0
Dialog DLL:      DARMP.DLL V1.53.0.0
Target DLL:      UL2ARM.DLL V1.74.10.0
Dialog DLL:      TARMP.DLL V1.53.0.0
 
<h2>Project:</h2>
C:\Users\javie\Documents\uni\PH\Parte2\Parte2b\p2_815877-Perez_Salazar_841983-Larraz_Jordan\keil_reversi.uvproj
Project File Date:  11/02/2023

<h2>Output:</h2>
*** Using Compiler 'V5.06 update 6 (build 750)', folder: 'C:\Keil_v5\ARM\ARMCC\Bin'
Rebuild target 'Simulator'
assembling Startup.s...
compiling Retarget.c...
compiling timer0.c...
compiling Power_management.c...
compiling boton_eint0.c...
compiling temporizador_drv.c...
compiling main.c...
power_hal_wait.h(6): warning:  #1295-D: Deprecated declaration Switch_to_PLL - give arg types
  extern void Switch_to_PLL();
main.c: 1 warning, 0 errors
compiling int_externas_hal.c...
power_hal_wait.h(6): warning:  #1295-D: Deprecated declaration Switch_to_PLL - give arg types
  extern void Switch_to_PLL();
int_externas_hal.c: 1 warning, 0 errors
compiling fifo.c...
power_hal_wait.h(6): warning:  #1295-D: Deprecated declaration Switch_to_PLL - give arg types
  extern void Switch_to_PLL();
fifo.c: 1 warning, 0 errors
compiling planificador.c...
power_hal_wait.h(6): warning:  #1295-D: Deprecated declaration Switch_to_PLL - give arg types
  extern void Switch_to_PLL();
planificador.c: 1 warning, 0 errors
compiling temporizador_hal.c...
compiling hello_world.c...
power_hal_wait.h(6): warning:  #1295-D: Deprecated declaration Switch_to_PLL - give arg types
  extern void Switch_to_PLL();
hello_world.c: 1 warning, 0 errors
compiling power_hal_wait.c...
power_hal_wait.h(6): warning:  #1295-D: Deprecated declaration Switch_to_PLL - give arg types
  extern void Switch_to_PLL();
power_hal_wait.c: 1 warning, 0 errors
compiling botones.c...
botones.c(9): warning:  #223-D: function "FIFO_encolar" declared implicitly
  			FIFO_encolar(EINT1, id_boton);
botones.c(16): warning:  #223-D: function "FIFO_encolar" declared implicitly
  			FIFO_encolar(EINT1, id_boton);
botones.c: 2 warnings, 0 errors
compiling gestorAlarma.c...
power_hal_wait.h(6): warning:  #1295-D: Deprecated declaration Switch_to_PLL - give arg types
  extern void Switch_to_PLL();
gestorAlarma.c: 1 warning, 0 errors
compiling visualizar.c...
compiling juego.c...
power_hal_wait.h(6): warning:  #1295-D: Deprecated declaration Switch_to_PLL - give arg types
  extern void Switch_to_PLL();
juego.c: 1 warning, 0 errors
linking...
Program Size: Code=3700 RO-data=32 RW-data=68 ZI-data=2740  
".\keil_reversi.axf" - 0 Error(s), 10 Warning(s).
Build Time Elapsed:  00:00:01
</pre>
</body>
</html>
