<html>
<body>
<pre>
<h1>µVision Build Log</h1>
<h2>Tool Versions:</h2>
IDE-Version: µVision V5.26.2.0
Copyright (C) 2018 ARM Ltd and ARM Germany GmbH. All rights reserved.
License Information: javier perez, unizar, LIC=----
 
Tool Versions:
Toolchain:       MDK-Lite  Version: 5.26.2.0
Toolchain Path:  C:\Keil_v5\ARM\ARMCC\Bin
C Compiler:      Armcc.exe V5.06 update 6 (build 750)
Assembler:       Armasm.exe V5.06 update 6 (build 750)
Linker/Locator:  ArmLink.exe V5.06 update 6 (build 750)
Library Manager: ArmAr.exe V5.06 update 6 (build 750)
Hex Converter:   FromElf.exe V5.06 update 6 (build 750)
CPU DLL:         SARM.DLL V5.26.2.0
Dialog DLL:      DARMP.DLL V1.53.0.0
Target DLL:      UL2ARM.DLL V1.74.10.0
Dialog DLL:      TARMP.DLL V1.53.0.0
 
<h2>Project:</h2>
C:\Users\javiWindows11Vm\Documents\GitHub\PH\Parte3\p3_815877-Perez_Salazar_841983-Larraz_Jordan\keil_reversi.uvproj
Project File Date:  11/30/2023

<h2>Output:</h2>
*** Using Compiler 'V5.06 update 6 (build 750)', folder: 'C:\Keil_v5\ARM\ARMCC\Bin'
Rebuild target 'Simulator'
compiling Retarget.c...
assembling Startup.s...
compiling main.c...
compiling Power_management.c...
compiling boton_eint0.c...
compiling temporizador_drv.c...
compiling timer0.c...
compiling temporizador_hal.c...
compiling int_externas_hal.c...
compiling Watchdog.c...
compiling fifo.c...
compiling hello_world.c...
compiling botones.c...
compiling planificador.c...
compiling power_drv.c...
compiling power_hal_wait.c...
compiling gestorAlarma.c...
assembling SWI.s...
compiling visualizar.c...
compiling juego.c...
compiling linea_serie_hal.c...
compiling linea_serie_drv.c...
compiling entrada.c...
compiling tablero.c...
compiling conecta_K_2023.c...
linking...
Program Size: Code=10016 RO-data=196 RW-data=148 ZI-data=3204  
".\keil_reversi.axf" - 0 Error(s), 0 Warning(s).
Build Time Elapsed:  00:00:01
</pre>
</body>
</html>
