


ARM Macro Assembler    Page 1 


    1 00000000 00000004 
                       K_SIZE  EQU              4           ;.include "config_c
                                                            onecta_k.h" MIRAR C
                                                            OMO INCLUIR GLOBALE
                                                            S DE C EN ENSAMBLAD
                                                            OR
    2 00000000 00000004 
                       N_DELTAS
                               EQU              4           ; para recorrer en 
                                                            bucle
    3 00000000 00000007 
                       NUM_FILAS
                               EQU              7
    4 00000000 00000007 
                       NUM_COLUMNAS
                               EQU              7
    5 00000000 00000006 
                       MAX_NO_CERO
                               EQU              6
    6 00000000 00000000 
                       EXITO   EQU              0x0
    7 00000000                 AREA             datos,DATA,READWRITE
    8 00000000 00 FF FF 
              01       deltas_fila
                               DCB              0x00,0xff,0xff,0x01 ; declaraci
                                                            on del vector de fi
                                                            las
    9 00000004 FF 00 FF 
              FF       deltas_columna
                               DCB              0xff,0x00,0xff,0xff ; declaraci
                                                            on del vector de co
                                                            lumnas
   10 00000008         
   11 00000008                 AREA             prog,CODE,READONLY
   12 00000000                 ENTRY
   13 00000000         
   14 00000000                 EXPORT           conecta_K_hay_linea_arm_armv2
   15 00000000                 PRESERVE8        {TRUE}
   16 00000000         
   17 00000000         conecta_K_hay_linea_arm_armv2
   18 00000000         
   19 00000000 E92D5FF0        stmdb            r13!, {r4-r10,ip, fp, lr} ; api
                                                            lo los registros qu
                                                            e podria machacar
   20 00000004 E24DB004        sub              fp, sp, #4  ; muevo el fp para 
                                                            que apunte a la dir
                                                            ección libre
   21 00000008 E92D000E        stmdb            sp!, {r1-r3} ; apilo los parame
                                                            tros fila, columna 
                                                            y color 
   22 0000000C         
   23 0000000C E1A04000        mov              r4, r0      ; r4=t*
   24 00000010 E3A01000        mov              r1, #0      ; r1= i
   25 00000014         ;comienza el bucle de la funcion hay_linea
   26 00000014 E3510004 
                       forarmarm
                               cmp              r1, #N_DELTAS
   27 00000018 AA000049        bge              finalFalse
   28 0000001C E3A02000        mov              r2,#0       ;r2=longlinea



ARM Macro Assembler    Page 2 


   29 00000020         ;comienza buscar_alineamiento_arm
   30 00000020         ; esto es buscar_color
   31 00000020 E89D0060        ldmia            sp, {r5,r6} ; cargo en r5 y r6 
                                                            fila y columna
   32 00000024 E59F7128        ldr              r7, =deltas_fila ; cargo la dir
                                                            eccion de deltas_fi
                                                            la
   33 00000028 E197A0D1        ldrsb            r10, [r7,r1] ; r2 = deltas_fila
                                                             i
   34 0000002C E59F7124        ldr              r7, =deltas_columna ; cargo la 
                                                            direccion de deltas
                                                            _columna
   35 00000030 E197C0D1        ldrsb            r12, [r7, r1] ; r3 = deltas_col
                                                            umna i
   36 00000034 E3550007 
                       whileColor
                               cmp              r5, #NUM_FILAS ;si me paso de f
                                                            ila o col, es inval
                                                            ido
   37 00000038 AA000018        bge              no_color1   ;
   38 0000003C         
   39 0000003C E3560007        cmp              r6, #NUM_COLUMNAS
   40 00000040 AA000016        bge              no_color1   ; columnas > NUM_CO
                                                            LUMNAS?
   41 00000044         
   42 00000044 E3A03000        mov              r3, #0      ; r3(col) = 0
   43 00000048 E3530006 
                       for1    cmp              r3, #MAX_NO_CERO
   44 0000004C AA000005        bge              fuera1
   45 00000050 E0857085        add              r7, r5, r5, LSL #1 ; r7 = fila 
                                                            + fila*2
   46 00000054 E0847087        add              r7, r4, r7, LSL #1 
                                                            ; r7 = t +r7*2
   47 00000058 E7D78003        ldrb             r8, [r7, r3] ; r8 = t->columnas
                                                            [fila][col]
   48 0000005C E1580006        cmp              r8, r6      ; comparo con colum
                                                            na
   49 00000060 12833001        addne            r3, r3, #1  ; si son diferentes
                                                             sumo col++ para la
                                                             siguiente iteracio
                                                            n
   50 00000064 1AFFFFF7        bne              for1
   51 00000068         
   52 00000068 E3530006 
                       fuera1  cmp              r3, #MAX_NO_CERO
   53 0000006C 0A00000B        beq              no_color1
   54 00000070         
   55 00000070 E0857085        add              r7,r5, r5, LSL #1 ; r7 = fila +
                                                             fila*2
   56 00000074 E284802A        add              r8, r4, #0x0000002a ; r8 = t + 
                                                            2a (para acceder a 
                                                            no_ceros)
   57 00000078 E0887087        add              r7, r8, r7, LSL #1 
                                                            ;r7 = r8 + r7*2
   58 0000007C E7D79003        ldrb             r9, [r7, r3] ; r9 = t->no_ceros
                                                            [fila][col]
   59 00000080 E2099003        and              r9, r9, #0x03 ; operacion and p
                                                            ara ver si es vacia
                                                             o no



ARM Macro Assembler    Page 3 


   60 00000084 E89B0080        ldmia            fp, {r7}    ; cargo color en r7
                                                            
   61 00000088 E1590007        cmp              r9, r7      ; comparo con el co
                                                            lor q he sacado
   62 0000008C 1A000003        bne              no_color1
   63 00000090         ;fin tablero_buscar_color (si llegas a esta linea es exi
                       to)
   64 00000090 E085500A        add              r5, r5, r10 ; hago la suma con 
                                                            nueva fila 
   65 00000094 E086600C        add              r6, r6, r12 ; hago la suma con 
                                                            nueva col 
   66 00000098 E2822001        add              r2, r2, #1  ; sumo un uno a lon
                                                            g_linea que sera lo
                                                             q devolvamos
   67 0000009C EAFFFFE4        b                whileColor  ;bucle fin de busca
                                                            r_alineamiento
   68 000000A0         ;termina buscar_alineamiento_arm
   69 000000A0         
   70 000000A0 E3520004 
                       no_color1
                               cmp              r2, #K_SIZE ; comparamos long l
                                                            inea con ksize
   71 000000A4 AA000022        bge              finalTrue
   72 000000A8         
   73 000000A8 E89D0060        ldmia            sp, {r5,r6} ; cargo fila y colu
                                                            mna
   74 000000AC E26AA000        rsb              r10, r10, #0 ;-delta_fila
   75 000000B0 E26CC000        rsb              r12, r12, #0 ;-delta_columna
   76 000000B4 E085500A        add              r5, r5, r10 ;updatefila
   77 000000B8 E086600C        add              r6, r6, r12 ;updatecolumna
   78 000000BC         
   79 000000BC         ;comienza buscar_alineamiento_arm2
   80 000000BC         ; esto es buscar_color
   81 000000BC E3550007 
                       whileColor2
                               cmp              r5, #NUM_FILAS ;si me paso de f
                                                            ila o col, es inval
                                                            ido
   82 000000C0 AA000018        bge              no_color2   ;
   83 000000C4         
   84 000000C4 E3560007        cmp              r6, #NUM_COLUMNAS
   85 000000C8 AA000016        bge              no_color2   ; columnas > NUM_CO
                                                            LUMNAS?
   86 000000CC         
   87 000000CC E3A03000        mov              r3, #0      ; r3(col) = 0
   88 000000D0 E3530006 
                       for2    cmp              r3, #MAX_NO_CERO
   89 000000D4 AA000005        bge              fuera2
   90 000000D8 E0857085        add              r7, r5, r5, LSL #1 ; r7 = fila 
                                                            + fila*2
   91 000000DC E0847087        add              r7, r4, r7, LSL #1 
                                                            ; r7 = t +r7*2
   92 000000E0 E7D78003        ldrb             r8, [r7, r3] ; r8 = t->columnas
                                                            [fila][col]
   93 000000E4 E1580006        cmp              r8, r6      ; comparo con colum
                                                            na
   94 000000E8 12833001        addne            r3, r3, #1  ; si son diferentes
                                                             sumo col++ para la
                                                             siguiente iteracio



ARM Macro Assembler    Page 4 


                                                            n
   95 000000EC 1AFFFFF7        bne              for2
   96 000000F0         
   97 000000F0 E3530006 
                       fuera2  cmp              r3, #MAX_NO_CERO
   98 000000F4 0A00000B        beq              no_color2
   99 000000F8         
  100 000000F8 E0857085        add              r7,r5, r5, LSL #1 ; r7 = fila +
                                                             fila*2
  101 000000FC E284802A        add              r8, r4, #0x0000002a ; r8 = t + 
                                                            2a (para acceder a 
                                                            no_ceros)
  102 00000100 E0887087        add              r7, r8, r7, LSL #1 
                                                            ;r7 = r8 + r7*2
  103 00000104 E7D79003        ldrb             r9, [r7, r3] ; r9 = t->no_ceros
                                                            [fila][col]
  104 00000108 E2099003        and              r9, r9, #0x03 ; operacion and p
                                                            ara ver si es vacia
                                                             o no
  105 0000010C E89B0080        ldmia            fp, {r7}    ; cargo color en r7
                                                            
  106 00000110 E1590007        cmp              r9, r7      ; comparo con el co
                                                            lor q he sacado
  107 00000114         
  108 00000114 1A000003        bne              no_color2
  109 00000118         ;fin tablero_buscar_color (si llegas a esta linea es exi
                       to)
  110 00000118 E085500A        add              r5, r5, r10 ; hago la suma con 
                                                            nueva fila 
  111 0000011C E086600C        add              r6, r6, r12 ; hago la suma con 
                                                            nueva col 
  112 00000120 E2822001        add              r2, r2, #1  ; sumo un uno a lon
                                                            g_linea que sera lo
                                                             q devolvamos
  113 00000124 EAFFFFE4        b                whileColor2 ;bucle fin de busca
                                                            r_alineamiento
  114 00000128         ;termina buscar_alineamiento_arm
  115 00000128         
  116 00000128 E3520004 
                       no_color2
                               cmp              r2, #K_SIZE
  117 0000012C B2811001        addlt            r1,r1,#1    ; dejo i actualizad
                                                            o con i++ para la s
                                                            iguiente iteracion
  118 00000130 BAFFFFB7        blt              forarmarm   ; vuelve al for de 
                                                            hay linea forarmarm
                                                            
  119 00000134         
  120 00000134 E3A00001 
                       finalTrue
                               mov              r0, #1      ;; HA FINALIZADO PO
                                                            R LINEA == true
  121 00000138 E28DD00C        add              sp,sp,#12   ;deshacer stmdb sp!
                                                            , {r1-r3}
  122 0000013C E8BD5FF0        ldmia            sp!, {r4-r10,ip, fp, lr}
  123 00000140 E12FFF1E        bx               lr
  124 00000144 E3A00000 
                       finalFalse
                               mov              r0, #0



ARM Macro Assembler    Page 5 


  125 00000148 E28DD00C        add              sp,sp,#12
  126 0000014C E8BD5FF0        ldmia            sp!, {r4-r10,ip, fp, lr} ;;HA F
                                                            INALIZADO POR I >= 
                                                            n_deltas
  127 00000150 E12FFF1E        bx               lr
  128 00000154                 END
              00000000 
              00000000 
Command Line: --debug --xref --diag_suppress=9931 --apcs=interwork --depend=.\o
bjects\conecta_k_hay_linea_arm_armv2.d -o.\objects\conecta_k_hay_linea_arm_armv
2.o -IC:\Keil_v5\ARM\RV31\INC -IC:\Keil_v5\ARM\CMSIS\Include -IC:\Keil_v5\ARM\I
NC\Philips --predefine="__EVAL SETA 1" --predefine="__UVISION_VERSION SETA 526"
 --list=.\listings\conecta_k_hay_linea_arm_armv2.lst conecta_K_hay_linea_arm_ar
mv2.s



ARM Macro Assembler    Page 1 Alphabetic symbol ordering
Relocatable symbols

datos 00000000

Symbol: datos
   Definitions
      At line 7 in file conecta_K_hay_linea_arm_armv2.s
   Uses
      None
Comment: datos unused
deltas_columna 00000004

Symbol: deltas_columna
   Definitions
      At line 9 in file conecta_K_hay_linea_arm_armv2.s
   Uses
      At line 34 in file conecta_K_hay_linea_arm_armv2.s
Comment: deltas_columna used once
deltas_fila 00000000

Symbol: deltas_fila
   Definitions
      At line 8 in file conecta_K_hay_linea_arm_armv2.s
   Uses
      At line 32 in file conecta_K_hay_linea_arm_armv2.s
Comment: deltas_fila used once
3 symbols



ARM Macro Assembler    Page 1 Alphabetic symbol ordering
Relocatable symbols

conecta_K_hay_linea_arm_armv2 00000000

Symbol: conecta_K_hay_linea_arm_armv2
   Definitions
      At line 17 in file conecta_K_hay_linea_arm_armv2.s
   Uses
      At line 14 in file conecta_K_hay_linea_arm_armv2.s
Comment: conecta_K_hay_linea_arm_armv2 used once
finalFalse 00000144

Symbol: finalFalse
   Definitions
      At line 124 in file conecta_K_hay_linea_arm_armv2.s
   Uses
      At line 27 in file conecta_K_hay_linea_arm_armv2.s
Comment: finalFalse used once
finalTrue 00000134

Symbol: finalTrue
   Definitions
      At line 120 in file conecta_K_hay_linea_arm_armv2.s
   Uses
      At line 71 in file conecta_K_hay_linea_arm_armv2.s
Comment: finalTrue used once
for1 00000048

Symbol: for1
   Definitions
      At line 43 in file conecta_K_hay_linea_arm_armv2.s
   Uses
      At line 50 in file conecta_K_hay_linea_arm_armv2.s
Comment: for1 used once
for2 000000D0

Symbol: for2
   Definitions
      At line 88 in file conecta_K_hay_linea_arm_armv2.s
   Uses
      At line 95 in file conecta_K_hay_linea_arm_armv2.s
Comment: for2 used once
forarmarm 00000014

Symbol: forarmarm
   Definitions
      At line 26 in file conecta_K_hay_linea_arm_armv2.s
   Uses
      At line 118 in file conecta_K_hay_linea_arm_armv2.s
Comment: forarmarm used once
fuera1 00000068

Symbol: fuera1
   Definitions
      At line 52 in file conecta_K_hay_linea_arm_armv2.s
   Uses
      At line 44 in file conecta_K_hay_linea_arm_armv2.s
Comment: fuera1 used once
fuera2 000000F0

Symbol: fuera2



ARM Macro Assembler    Page 2 Alphabetic symbol ordering
Relocatable symbols

   Definitions
      At line 97 in file conecta_K_hay_linea_arm_armv2.s
   Uses
      At line 89 in file conecta_K_hay_linea_arm_armv2.s
Comment: fuera2 used once
no_color1 000000A0

Symbol: no_color1
   Definitions
      At line 70 in file conecta_K_hay_linea_arm_armv2.s
   Uses
      At line 37 in file conecta_K_hay_linea_arm_armv2.s
      At line 40 in file conecta_K_hay_linea_arm_armv2.s
      At line 53 in file conecta_K_hay_linea_arm_armv2.s
      At line 62 in file conecta_K_hay_linea_arm_armv2.s

no_color2 00000128

Symbol: no_color2
   Definitions
      At line 116 in file conecta_K_hay_linea_arm_armv2.s
   Uses
      At line 82 in file conecta_K_hay_linea_arm_armv2.s
      At line 85 in file conecta_K_hay_linea_arm_armv2.s
      At line 98 in file conecta_K_hay_linea_arm_armv2.s
      At line 108 in file conecta_K_hay_linea_arm_armv2.s

prog 00000000

Symbol: prog
   Definitions
      At line 11 in file conecta_K_hay_linea_arm_armv2.s
   Uses
      None
Comment: prog unused
whileColor 00000034

Symbol: whileColor
   Definitions
      At line 36 in file conecta_K_hay_linea_arm_armv2.s
   Uses
      At line 67 in file conecta_K_hay_linea_arm_armv2.s
Comment: whileColor used once
whileColor2 000000BC

Symbol: whileColor2
   Definitions
      At line 81 in file conecta_K_hay_linea_arm_armv2.s
   Uses
      At line 113 in file conecta_K_hay_linea_arm_armv2.s
Comment: whileColor2 used once
13 symbols



ARM Macro Assembler    Page 1 Alphabetic symbol ordering
Absolute symbols

EXITO 00000000

Symbol: EXITO
   Definitions
      At line 6 in file conecta_K_hay_linea_arm_armv2.s
   Uses
      None
Comment: EXITO unused
K_SIZE 00000004

Symbol: K_SIZE
   Definitions
      At line 1 in file conecta_K_hay_linea_arm_armv2.s
   Uses
      At line 70 in file conecta_K_hay_linea_arm_armv2.s
      At line 116 in file conecta_K_hay_linea_arm_armv2.s

MAX_NO_CERO 00000006

Symbol: MAX_NO_CERO
   Definitions
      At line 5 in file conecta_K_hay_linea_arm_armv2.s
   Uses
      At line 43 in file conecta_K_hay_linea_arm_armv2.s
      At line 52 in file conecta_K_hay_linea_arm_armv2.s
      At line 88 in file conecta_K_hay_linea_arm_armv2.s
      At line 97 in file conecta_K_hay_linea_arm_armv2.s

NUM_COLUMNAS 00000007

Symbol: NUM_COLUMNAS
   Definitions
      At line 4 in file conecta_K_hay_linea_arm_armv2.s
   Uses
      At line 39 in file conecta_K_hay_linea_arm_armv2.s
      At line 84 in file conecta_K_hay_linea_arm_armv2.s

NUM_FILAS 00000007

Symbol: NUM_FILAS
   Definitions
      At line 3 in file conecta_K_hay_linea_arm_armv2.s
   Uses
      At line 36 in file conecta_K_hay_linea_arm_armv2.s
      At line 81 in file conecta_K_hay_linea_arm_armv2.s

N_DELTAS 00000004

Symbol: N_DELTAS
   Definitions
      At line 2 in file conecta_K_hay_linea_arm_armv2.s
   Uses
      At line 26 in file conecta_K_hay_linea_arm_armv2.s
Comment: N_DELTAS used once
6 symbols
356 symbols in table
